C:\Users\varsh\OneDrive\Desktop\event\server\routes\userRoutes.js:117
router.delete('/:id', requireAuth, requireRole(['superadmin', 'dept_admin']), async (req, res) => {
                                   ^

TypeError: requireRole is not a function
    at Object.<anonymous> (C:\Users\varsh\OneDrive\Desktop\event\server\routes\userRoutes.js:117:36)
    at Module._compile (node:internal/modules/cjs/loader:1812:14)
    at Object..js (node:internal/modules/cjs/loader:1943:10)
    at Module.load (node:internal/modules/cjs/loader:1533:32)
    at Module._load (node:internal/modules/cjs/loader:1335:12)
    at wrapModuleLoad (node:internal/modules/cjs/loader:255:19)
    at Module.require (node:internal/modules/cjs/loader:1556:12)
    at require (node:internal/modules/helpers:152:16)
    at Object.<anonymous> (C:\Users\varsh\OneDrive\Desktop\event\server\server.js:26:20)
    at Module._compile (node:internal/modules/cjs/loader:1812:14)

Node.js v24.14.0
